                                        
                                        
                                        
        Terminal too small: 40x8        
        Minimum required:  63x10        
                                        
                                        
                                        