                              
                              
                              
                              
  Terminal too small: 30x10   
  Minimum required:  63x10    
                              
                              
                              
                              