╭─ 1 Projects────────────── ─╮ ╭─ Details · team/alpha─────────────────────── ─╮
│> ✓ team/alpha              │ │Details                                        │
│  team/beta                 │ │                                               │
│                            │ │ Project                                       │
│                            │ │───────────────────────────────────────────────│
│                            │ │ Name: alpha                                   │
│                            │ │ Path: team/alpha                              │
╰──────────────────── 1 of 2 ╯ │ Visibility: 📦                                │
╭─ 2 Pipelines───────────── ─╮ │───────────────────────────────────────────────│
│> ✓ #10 unknown main        │ │ Links                                         │
│                            │ │───────────────────────────────────────────────│
│                            │ │───────────────────────────────────────────────│
╰──────────────────── 1 of 1 ╯ │ Pipeline                                      │
╭─ 3 Stages──────────────── ─╮ │───────────────────────────────────────────────│
│ No stages available        │ │ Pipeline (all refs):                          │
│                            │ │  Status: success (#100)                       │
│                            │ │  URL: https://gitlab.com/team/alpha/-/pipelin…│
╰────────────────────────────╯ │───────────────────────────────────────────────│
╭─ 4 Merge Requests──────── ─╮ │ Recent Commits                                │
│> !42 Add dark mode support │ │───────────────────────────────────────────────│
│  !41 Fix login redirect    │ │ No commits loaded.                            │
│                            │ │                                               │
╰──────────────────── 1 of 2 ╯ ╰───────────────────────────────────────────────╯
Ready / search · f fav · e explorer · t tab · r refresh · Ctrl+O c…   team/alpha